
> Teacher Dashboard Creation@0.1.0 build
> vite build

[36mvite v6.3.5 [32mbuilding for production...[36m[39m
transforming...
[32mΓ£ô[39m 11 modules transformed.
node.exe : 
[31mΓ£ù[39m Build 
failed in 635ms
At line:1 char:1
+ & "C:\Program Files
\nodejs/node.exe" 
"C:\Program 
Files\nodejs/node_mo 
...
+ ~~~~~~~~~~~~~~~~~~~
~~~~~~~~~~~~~~~~~~~~~
~~~~~~~~~~~~~~~~~~~~~
~~~~~~~~
    + CategoryInfo   
           : NotSpe  
  cified: ([31mΓ£   
 ù[39m Build fai    
led in 635ms:Str    
ing) [], RemoteE    
xception
    + FullyQualified 
   ErrorId : Native  
  CommandError
 
[31merror during 
build:
[31mCould not 
resolve 
"./TeacherProfile" 
from "src/components/
TeacherDashboard.tsx"
[31m
file: [36mC:/Users/A
zizbek/Desktop/Teache
r Dashboard Creation 
(2)/src/components/Te
acherDashboard.tsx[3
1m
    at 
getRollupError (file:
///C:/Users/Azizbek/D
esktop/Teacher%20Dash
board%20Creation%20(2
)/node_modules/rollup
/dist/es/shared/parse
Ast.js:400:41)
    at error (file://
/C:/Users/Azizbek/Des
ktop/Teacher%20Dashbo
ard%20Creation%20(2)/
node_modules/rollup/d
ist/es/shared/parseAs
t.js:396:42)
    at ModuleLoader.h
andleInvalidResolvedI
d (file:///C:/Users/A
zizbek/Desktop/Teache
r%20Dashboard%20Creat
ion%20(2)/node_module
s/rollup/dist/es/shar
ed/node-entry.js:2166
6:24)
    at file:///C:/Use
rs/Azizbek/Desktop/Te
acher%20Dashboard%20C
reation%20(2)/node_mo
dules/rollup/dist/es/
shared/node-entry.js:
21626:26[39m
